<!DOCTYPE html>
<html lang="en">
<head>
    <meta charset="UTF-8">
    <meta name="viewport" content="width=device-width, initial-scale=1.0">
    <meta http-equiv="X-UA-Compatible" content="ie=edge">
    <title>Document</title>
    <link rel="stylesheet" href="style.css">
</head>
<body>
    <header>
        <div class="container">
            <div class="heading clearfix">
                <img src="img/logo.png" alt="Golden" class="logo">
                <nav>
                    <ul class="menu">
                        <li><a href="#">Home</a></li>
                        <li><a href="#">Services</a></li>
                        <li><a href="#">Portfolio</a></li>
                        <li><a href="#">About</a></li>
                        <li><a href="#">Contact</a></li>
                    </ul>
                </nav>>  
            </div>
            <div class="titles">
                <div class="titles_first">
                    Welcome To Our Studio!
                </div>
                <h1>
                    It's nice to Meet you
                </h1>
            </div>
            <a href="#" class="button">Tell me more</a>
        </div>
    </header>

        <section id="services">
                <div class="container">
                    <div class="title">
                        <h2>
                            Services
                        </h2>
                        <p>
                            Lorem ipsum dolor sit amet, consectetur adipiscing elit.
                        </p>
                    </div>
                    <div class="services clearfix">

                        <div class="services_item">
                                <img src="img/icon1.png" alt="Услуга">
                                <h3>E-Commerce</h3>
                                <p>
                                    Etiam mattis sem quis orci rutrum luctus. Nullam id fringilla mi. Class aptent taciti sociosqu ad litora torquent per conubia nostra, per inceptos himenaeos.
                                </p>
                            </div> 
                        <div class="services_item">
                                <img src="img/icon2.png" alt="Услуга">
                                <h3>Responsive Web</h3>
                                <p>
                                    Etiam mattis sem quis orci rutrum luctus. Nullam id fringilla mi. Class aptent taciti sociosqu ad litora torquent per conubia nostra, per inceptos himenaeos.
                                </p>
                            </div> 
                        <div class="services_item">
                                <img src="img/icon3.png" alt="Услуга">
                                <h3>Web Security</h3>
                                <p>
                                    Etiam mattis sem quis orci rutrum luctus. Nullam id fringilla mi. Class aptent taciti sociosqu ad litora torquent per conubia nostra, per inceptos himenaeos.
                                </p>
                            </div> 
                    </div>
                </div>
        </section>
        <section id="portfolio">
             <div class="container">
                <div class="title">
                    <h2>
                        Our Portfolio
                    </h2>
                    <p>
                        Lorem ipsum dolor sit amet, consectetur adipiscing elit.
                    </p>
                </div>
                <div class="works clearfix">
                    <img src="img/img1.jpg" alt="Работа">
                    <img src="img/img2.jpg" alt="Работа">
                    <img src="img/img3.jpg" alt="Работа">
                </div>
            </div>   
        </section>

        <section id="about">
            <div class="container">
                <div class="title">
                    <h2>
                        About Us
                    </h2>
                    <p>
                        Lorem ipsum dolor sit amet, consectetur adipiscing elit.
                    </p>
                </div>
                <div class="actions clearfix">
                    <div class="actions_item1">
                        <div class="actions_text">
                        <h3>July 2010</h3>
                        <h3>Our Humble Beginnings</h3>
                        <p>Etiam mattis sem quis orci rutrum luctus. Nullam id fringilla mi. Class aptent taciti sociosqu ad litora torquent per conubia nostra, per inceptos himenaeos.</p>
                        </div>
                        <div class="actions_img">
                        <img src="img/about1.jpg" alt="О компании">
                        </div>
                    </div>

                    <div class="actions_item2">  
                        <div class="actions_img_">
                        <img src="img/about2.jpg" alt="О компании">
                        </div>
                        <div class="actions_text_">
                        <h3>January 2011</h3>
                        <h3>Facing Startup Battles</h3>
                        <p>Etiam mattis sem quis orci rutrum luctus. Nullam id fringilla mi. Class aptent taciti sociosqu ad litora torquent per conubia nostra, per inceptos himenaeos.</p>
                        </div>
                    </div>
                    
                    <div class="actions_item1">    
                            <div class="actions_text">
                            <h3>December 2012</h3>
                            <h3>Enter The Dark Days</h3>
                            <p>Etiam mattis sem quis orci rutrum luctus. Nullam id fringilla mi. Class aptent taciti sociosqu ad litora torquent per conubia nostra, per inceptos himenaeos.</p>
                            </div>
                            <div class="actions_img">
                            <img src="img/about3.jpg" alt="О компании">
                            </div>
                    </div>

                    <div class="actions_item2">    
                        <div class="actions_img_">
                        <img src="img/about4.jpg" alt="О компании">
                        </div>
                        <div class="actions_text_">
                        <h3>February 2014</h3>
                        <h3>Our Triumph</h3>
                        <p>Etiam mattis sem quis orci rutrum luctus. Nullam id fringilla mi. Class aptent taciti sociosqu ad litora torquent per conubia nostra, per inceptos himenaeos.</p>
                        </div>
                    </div>
                </div>
            </div>      
        </section>

        <footer id="end">
            <div class="container">
                   <p>&copy Copyright 2014 FreebiesXpress.com</p>
            </div>      
        </footer>
</body>
</html>